WARNING:__main__:No checkpoint provided - using randomly initialized model!
WARNING:root:
The dataset you requested (physical-intelligence/libero) is in 2.0 format.
While current version of LeRobot is backward-compatible with it, the version of your dataset still uses global
stats instead of per-episode stats. Update your dataset stats to the new format using this command:
```
python lerobot/common/datasets/v21/convert_dataset_v20_to_v21.py --repo-id=physical-intelligence/libero
```

If you encounter a problem, contact LeRobot maintainers on [Discord](https://discord.com/invite/s3KuuzsPFb)
or open an [issue on GitHub](https://github.com/huggingface/lerobot/issues/new/choose).

WARNING:root:
The dataset you requested (physical-intelligence/libero) is in 2.0 format.
While current version of LeRobot is backward-compatible with it, the version of your dataset still uses global
stats instead of per-episode stats. Update your dataset stats to the new format using this command:
```
python lerobot/common/datasets/v21/convert_dataset_v20_to_v21.py --repo-id=physical-intelligence/libero
```

If you encounter a problem, contact LeRobot maintainers on [Discord](https://discord.com/invite/s3KuuzsPFb)
or open an [issue on GitHub](https://github.com/huggingface/lerobot/issues/new/choose).

Traceback (most recent call last):
  File "/storage/project/r-agarg35-0/rvaldes6/openpi_clone/src/openpi/interpretability/activation_hooks.py", line 311, in _infer_dimension
    d = acts[self.hook_point].shape[-1]
        ~~~~^^^^^^^^^^^^^^^^^
KeyError: 'expert_layer_18'

During handling of the above exception, another exception occurred:

Traceback (most recent call last):
  File "<frozen runpy>", line 198, in _run_module_as_main
  File "<frozen runpy>", line 88, in _run_code
  File "/storage/project/r-agarg35-0/rvaldes6/openpi_clone/src/openpi/interpretability/train_sae.py", line 367, in <module>
    main()
  File "/storage/project/r-agarg35-0/rvaldes6/openpi_clone/src/openpi/interpretability/train_sae.py", line 302, in main
    buffer = PI0ActivationBuffer(
             ^^^^^^^^^^^^^^^^^^^^
  File "/storage/project/r-agarg35-0/rvaldes6/openpi_clone/src/openpi/interpretability/activation_hooks.py", line 286, in __init__
    d_submodule = self._infer_dimension()
                  ^^^^^^^^^^^^^^^^^^^^^^^
  File "/storage/project/r-agarg35-0/rvaldes6/openpi_clone/src/openpi/interpretability/activation_hooks.py", line 315, in _infer_dimension
    raise RuntimeError(f"Could not infer activation dimension: {e}")
RuntimeError: Could not infer activation dimension: 'expert_layer_18'
