---------------------------------------
Begin Slurm Prolog: Feb-19-2026 12:12:39
Job ID:    4056467
User ID:   rvaldes6
Account:   gts-agarg35-ideasci23_dgx
Job name:  sae_interpret
Partition: gpu-h100
QOS:       inferno
---------------------------------------
============================================================
SAE Interpretation Job on PACE ICE
============================================================
Job ID: 4056467
Node: atl1-1-03-010-1-0.pace.gatech.edu
Date: Thu Feb 19 12:12:39 PM EST 2026
============================================================
Storage locations:
  OpenPI repo: /storage/project/r-agarg35-0/rvaldes6/openpi_clone
  Checkpoint cache: /storage/project/r-agarg35-0/rvaldes6/openpi_cache
============================================================
GPU Information:
name, memory.total [MiB], memory.free [MiB]
NVIDIA H100 80GB HBM3, 81559 MiB, 81080 MiB
============================================================
Configuration:
  Model config: pi05_libero
  Hook point: expert_layer_0
  Experiment name: pi05_libero_expert_layer_0_k32_exp4
  SAE checkpoint: /storage/project/r-agarg35-0/rvaldes6/sae_checkpoints/pi05_libero_expert_layer_0_k32_exp4/trainer_0/ae.pt
  Output dir: /storage/project/r-agarg35-0/rvaldes6/sae_interpretations/pi05_libero_expert_layer_0_k32_exp4
  N batches: 200
  Top-K: 20
============================================================
Running command:
/storage/project/r-agarg35-0/rvaldes6/openpi_clone/.venv/bin/python -m openpi.interpretability.interpret_sae     --config pi05_libero     --hook_point expert_layer_0     --sae_checkpoint /storage/project/r-agarg35-0/rvaldes6/sae_checkpoints/pi05_libero_expert_layer_0_k32_exp4/trainer_0/ae.pt     --output_dir /storage/project/r-agarg35-0/rvaldes6/sae_interpretations/pi05_libero_expert_layer_0_k32_exp4     --n_batches 200     --data_batch_size 16     --top_k 20     --eval_batches 50
============================================================
============================================================
Interpretation completed with exit code: 0
Date: Thu Feb 19 12:55:15 PM EST 2026
Results saved to: /storage/project/r-agarg35-0/rvaldes6/sae_interpretations/pi05_libero_expert_layer_0_k32_exp4

Output files:
total 610M
-rw-r--r--. 1 rvaldes6 pace-agarg35 185K Feb 19 12:33 decoder_analysis.json
-rw-r--r--. 1 rvaldes6 pace-agarg35  65M Feb 19 12:33 decoder_cosine_sim.pt
-rw-r--r--. 1 rvaldes6 pace-agarg35  17M Feb 19 12:33 decoder_weights.pt
-rw-r--r--. 1 rvaldes6 pace-agarg35 514K Feb 19 12:55 feature_action_correlation.pt
-rw-r--r--. 1 rvaldes6 pace-agarg35  29K Feb 19 12:55 feature_action_correlations.json
-rw-r--r--. 1 rvaldes6 pace-agarg35  18K Feb 19 12:23 feature_fire_counts.pt
-rw-r--r--. 1 rvaldes6 pace-agarg35 487K Feb 19 12:33 feature_statistics.json
-rw-r--r--. 1 rvaldes6 pace-agarg35  290 Feb 19 12:23 health_metrics.json
-rw-r--r--. 1 rvaldes6 pace-agarg35  457 Feb 19 12:12 interpret_args.json
-rw-r--r--. 1 rvaldes6 pace-agarg35 528M Feb 19 12:48 top_activating_examples.json
-rw-r--r--. 1 rvaldes6 pace-agarg35 642K Feb 19 12:47 top_activation_indices.pt
-rw-r--r--. 1 rvaldes6 pace-agarg35 322K Feb 19 12:47 top_activation_values.pt
============================================================
---------------------------------------
Begin Slurm Epilog: Feb-19-2026 12:55:16
Job ID:        4056467
User ID:       rvaldes6
Account:       gts-agarg35-ideasci23_dgx
Job name:      sae_interpret
Resources:     cpu=8,gres/gpu:h100=1,mem=80G,node=1
Rsrc Used:     cput=05:40:48,vmem=0,walltime=00:42:36,mem=15736088K,energy_used=0
Partition:     gpu-h100
QOS:           inferno
Nodes:         atl1-1-03-010-1-0
---------------------------------------
