---------------------------------------
Begin Slurm Prolog: Feb-23-2026 14:42:00
Job ID:    4145285
User ID:   rvaldes6
Account:   gts-agarg35
Job name:  sae_pi05_libero
Partition: gpu-h100
QOS:       inferno
---------------------------------------
============================================================
SAE Training Job on PACE ICE
============================================================
Job ID: 4145285
Node: atl1-1-01-006-29-0.pace.gatech.edu
Date: Mon Feb 23 02:42:00 PM EST 2026
============================================================
Storage locations:
  OpenPI repo: /storage/project/r-agarg35-0/rvaldes6/openpi_clone
  Checkpoint cache: /storage/project/r-agarg35-0/rvaldes6/openpi_cache
  SAE outputs: /storage/project/r-agarg35-0/rvaldes6/sae_checkpoints
============================================================
GPU Information:
name, memory.total [MiB], memory.free [MiB]
NVIDIA H100 80GB HBM3, 81559 MiB, 81080 MiB
============================================================
Single job: Using hook point lang_layer_9
Configuration:
  Model config: pi05_libero
  Hook point: lang_layer_9
  Experiment name: pi05_libero_lang_layer_9_k32_exp4
  Checkpoints will auto-download to: /storage/project/r-agarg35-0/rvaldes6/openpi_cache
============================================================
Running command:
/storage/project/r-agarg35-0/rvaldes6/openpi_clone/.venv/bin/python -m openpi.interpretability.train_sae     --config pi05_libero     --checkpoint_path /storage/project/r-agarg35-0/rvaldes6/pi05_pytorch/model.safetensors     --hook_point lang_layer_9     --expansion_factor 4     --k 32     --lr 1e-4     --steps 10000     --batch_size 4096     --data_batch_size 32     --n_ctxs 2000     --save_dir /storage/project/r-agarg35-0/rvaldes6/sae_checkpoints     --exp_name pi05_libero_lang_layer_9_k32_exp4 --use_wandb --wandb_project pi05-sae-libero-pace
============================================================
============================================================
Training completed with exit code: 0
Date: Mon Feb 23 03:40:44 PM EST 2026
SAE checkpoint saved to: /storage/project/r-agarg35-0/rvaldes6/sae_checkpoints/pi05_libero_lang_layer_9_k32_exp4
============================================================
---------------------------------------
Begin Slurm Epilog: Feb-23-2026 15:40:45
Job ID:        4145285
User ID:       rvaldes6
Account:       gts-agarg35
Job name:      sae_pi05_libero
Resources:     cpu=8,gres/gpu:h100=1,mem=80G,node=1
Rsrc Used:     cput=07:50:16,vmem=0,walltime=00:58:47,mem=49269832K,energy_used=0
Partition:     gpu-h100
QOS:           inferno
Nodes:         atl1-1-01-006-29-0
---------------------------------------
