---------------------------------------
Begin Slurm Prolog: Feb-17-2026 20:01:45
Job ID:    4025243
User ID:   rvaldes6
Account:   gts-agarg35-ideasci23_dgx
Job name:  sae_interpret
Partition: gpu-h100
QOS:       inferno
---------------------------------------
============================================================
SAE Interpretation Job on PACE ICE
============================================================
Job ID: 4025243
Node: atl1-1-03-010-1-0.pace.gatech.edu
Date: Tue Feb 17 08:01:45 PM EST 2026
============================================================
Storage locations:
  OpenPI repo: /storage/project/r-agarg35-0/rvaldes6/openpi_clone
  Checkpoint cache: /storage/project/r-agarg35-0/rvaldes6/openpi_cache
============================================================
GPU Information:
name, memory.total [MiB], memory.free [MiB]
NVIDIA H100 80GB HBM3, 81559 MiB, 81080 MiB
============================================================
Configuration:
  Model config: pi05_libero
  Hook point: expert_layer_0
  Experiment name: pi05_libero_expert_layer_0_k32_exp4
  SAE checkpoint: /storage/project/r-agarg35-0/rvaldes6/sae_checkpoints/pi05_libero_expert_layer_0_k32_exp4/trainer_0/ae.pt
  Output dir: /storage/project/r-agarg35-0/rvaldes6/sae_interpretations/pi05_libero_expert_layer_0_k32_exp4
  N batches: 200
  Top-K: 20
============================================================
Running command:
python -m openpi.interpretability.interpret_sae     --config pi05_libero     --hook_point expert_layer_0     --sae_checkpoint /storage/project/r-agarg35-0/rvaldes6/sae_checkpoints/pi05_libero_expert_layer_0_k32_exp4/trainer_0/ae.pt     --output_dir /storage/project/r-agarg35-0/rvaldes6/sae_interpretations/pi05_libero_expert_layer_0_k32_exp4     --n_batches 200     --data_batch_size 16     --top_k 20     --eval_batches 50
============================================================
============================================================
Interpretation completed with exit code: 1
Date: Tue Feb 17 08:02:09 PM EST 2026
Results saved to: /storage/project/r-agarg35-0/rvaldes6/sae_interpretations/pi05_libero_expert_layer_0_k32_exp4

Output files:
total 0
============================================================
---------------------------------------
Begin Slurm Epilog: Feb-17-2026 20:02:09
Job ID:        4025243
User ID:       rvaldes6
Account:       gts-agarg35-ideasci23_dgx
Job name:      sae_interpret
Resources:     cpu=8,gres/gpu:h100=1,mem=80G,node=1
Rsrc Used:     cput=00:03:20,vmem=0,walltime=00:00:25,mem=771728K,energy_used=0
Partition:     gpu-h100
QOS:           inferno
Nodes:         atl1-1-03-010-1-0
---------------------------------------
